[    0.000000] Initializing cgroup subsys cpuset
[    0.000000] Initializing cgroup subsys cpu
[    0.000000] Initializing cgroup subsys cpuacct
[    0.000000] Linux version 4.4.0-157-generic (buildd@lgw01-amd64-037) (gcc version 5.4.0 20160609 (Ubuntu 5.4.0-6ubuntu1~16.04.10) ) #185-Ubuntu SMP Tue Jul 23 09:17:01 UTC 2019 (Ubuntu 4.4.0-157.185-generic 4.4.181)
[    0.000000] Command line: BOOT_IMAGE=/boot/vmlinuz-4.4.0-157-generic root=LABEL=cloudimg-rootfs ro console=tty1 console=ttyS0
[    0.000000] KERNEL supported cpus:
[    0.000000]   Intel GenuineIntel
[    0.000000]   AMD AuthenticAMD
[    0.000000]   Centaur CentaurHauls
[    0.000000] x86/fpu: xstate_offset[2]:  576, xstate_sizes[2]:  256
[    0.000000] x86/fpu: Supporting XSAVE feature 0x01: 'x87 floating point registers'
[    0.000000] x86/fpu: Supporting XSAVE feature 0x02: 'SSE registers'
[    0.000000] x86/fpu: Supporting XSAVE feature 0x04: 'AVX registers'
[    0.000000] x86/fpu: Enabled xstate features 0x7, context size is 832 bytes, using 'standard' format.
[    0.000000] e820: BIOS-provided physical RAM map:
[    0.000000] BIOS-e820: [mem 0x0000000000000000-0x000000000009fbff] usable
[    0.000000] BIOS-e820: [mem 0x000000000009fc00-0x000000000009ffff] reserved
[    0.000000] BIOS-e820: [mem 0x00000000000f0000-0x00000000000fffff] reserved
[    0.000000] BIOS-e820: [mem 0x0000000000100000-0x000000003ffeffff] usable
[    0.000000] BIOS-e820: [mem 0x000000003fff0000-0x000000003fffffff] ACPI data
[    0.000000] BIOS-e820: [mem 0x00000000fec00000-0x00000000fec00fff] reserved
[    0.000000] BIOS-e820: [mem 0x00000000fee00000-0x00000000fee00fff] reserved
[    0.000000] BIOS-e820: [mem 0x00000000fffc0000-0x00000000ffffffff] reserved
[    0.000000] NX (Execute Disable) protection: active
[    0.000000] SMBIOS 2.5 present.
[    0.000000] Hypervisor detected: KVM
[    0.000000] e820: last_pfn = 0x3fff0 max_arch_pfn = 0x400000000
[    0.000000] MTRR: Disabled
[    0.000000] x86/PAT: MTRRs disabled, skipping PAT initialization too.
[    0.000000] CPU MTRRs all blank - virtualized system.
[    0.000000] x86/PAT: Configuration [0-7]: WB  WT  UC- UC  WB  WT  UC- UC  
[    0.000000] found SMP MP-table at [mem 0x0009fff0-0x0009ffff] mapped at [ffff88000009fff0]
[    0.000000] Scanning 1 areas for low memory corruption
[    0.000000] RAMDISK: [mem 0x362fc000-0x37175fff]
[    0.000000] ACPI: Early table checksum verification disabled
[    0.000000] ACPI: RSDP 0x00000000000E0000 000024 (v02 VBOX  )
[    0.000000] ACPI: XSDT 0x000000003FFF0030 00003C (v01 VBOX   VBOXXSDT 00000001 ASL  00000061)
[    0.000000] ACPI: FACP 0x000000003FFF00F0 0000F4 (v04 VBOX   VBOXFACP 00000001 ASL  00000061)
[    0.000000] ACPI: DSDT 0x000000003FFF0470 0022EA (v02 VBOX   VBOXBIOS 00000002 INTL 20100528)
[    0.000000] ACPI: FACS 0x000000003FFF0200 000040
[    0.000000] ACPI: FACS 0x000000003FFF0200 000040
[    0.000000] ACPI: APIC 0x000000003FFF0240 00005C (v02 VBOX   VBOXAPIC 00000001 ASL  00000061)
[    0.000000] ACPI: SSDT 0x000000003FFF02A0 0001CC (v01 VBOX   VBOXCPUT 00000002 INTL 20100528)
[    0.000000] No NUMA configuration found
[    0.000000] Faking a node at [mem 0x0000000000000000-0x000000003ffeffff]
[    0.000000] NODE_DATA(0) allocated [mem 0x3ffeb000-0x3ffeffff]
[    0.000000] kvm-clock: Using msrs 4b564d01 and 4b564d00
[    0.000000] kvm-clock: cpu 0, msr 0:3ffe3001, primary cpu clock
[    0.000000] kvm-clock: using sched offset of 3664119870 cycles
[    0.000000] clocksource: kvm-clock: mask: 0xffffffffffffffff max_cycles: 0x1cd42e4dffb, max_idle_ns: 881590591483 ns
[    0.000000] Zone ranges:
[    0.000000]   DMA      [mem 0x0000000000001000-0x0000000000ffffff]
[    0.000000]   DMA32    [mem 0x0000000001000000-0x000000003ffeffff]
[    0.000000]   Normal   empty
[    0.000000]   Device   empty
[    0.000000] Movable zone start for each node
[    0.000000] Early memory node ranges
[    0.000000]   node   0: [mem 0x0000000000001000-0x000000000009efff]
[    0.000000]   node   0: [mem 0x0000000000100000-0x000000003ffeffff]
[    0.000000] Initmem setup node 0 [mem 0x0000000000001000-0x000000003ffeffff]
[    0.000000] ACPI: PM-Timer IO Port: 0x4008
[    0.000000] IOAPIC[0]: apic_id 2, version 32, address 0xfec00000, GSI 0-23
[    0.000000] ACPI: INT_SRC_OVR (bus 0 bus_irq 0 global_irq 2 dfl dfl)
[    0.000000] ACPI: INT_SRC_OVR (bus 0 bus_irq 9 global_irq 9 low level)
[    0.000000] Using ACPI (MADT) for SMP configuration information
[    0.000000] smpboot: Allowing 2 CPUs, 0 hotplug CPUs
[    0.000000] PM: Registered nosave memory: [mem 0x00000000-0x00000fff]
[    0.000000] PM: Registered nosave memory: [mem 0x0009f000-0x0009ffff]
[    0.000000] PM: Registered nosave memory: [mem 0x000a0000-0x000effff]
[    0.000000] PM: Registered nosave memory: [mem 0x000f0000-0x000fffff]
[    0.000000] e820: [mem 0x40000000-0xfebfffff] available for PCI devices
[    0.000000] Booting paravirtualized kernel on KVM
[    0.000000] clocksource: refined-jiffies: mask: 0xffffffff max_cycles: 0xffffffff, max_idle_ns: 7645519600211568 ns
[    0.000000] setup_percpu: NR_CPUS:512 nr_cpumask_bits:512 nr_cpu_ids:2 nr_node_ids:1
[    0.000000] PERCPU: Embedded 34 pages/cpu @ffff88003fc00000 s99544 r8192 d31528 u1048576
[    0.000000] Built 1 zonelists in Node order, mobility grouping on.  Total pages: 257912
[    0.000000] Policy zone: DMA32
[    0.000000] Kernel command line: BOOT_IMAGE=/boot/vmlinuz-4.4.0-157-generic root=LABEL=cloudimg-rootfs ro console=tty1 console=ttyS0
[    0.000000] PID hash table entries: 4096 (order: 3, 32768 bytes)
[    0.000000] Memory: 997736K/1048120K available (8618K kernel code, 1335K rwdata, 4032K rodata, 1484K init, 1284K bss, 50384K reserved, 0K cma-reserved)
[    0.000000] SLUB: HWalign=64, Order=0-3, MinObjects=0, CPUs=2, Nodes=1
[    0.000000] Kernel/User page tables isolation: enabled
[    0.000000] Hierarchical RCU implementation.
[    0.000000] 	Build-time adjustment of leaf fanout to 64.
[    0.000000] 	RCU restricting CPUs from NR_CPUS=512 to nr_cpu_ids=2.
[    0.000000] RCU: Adjusting geometry for rcu_fanout_leaf=64, nr_cpu_ids=2
[    0.000000] NR_IRQS:33024 nr_irqs:440 16
[    0.000000] Console: colour VGA+ 80x25
[    0.000000] console [tty1] enabled
[    0.000000] console [ttyS0] enabled
[    0.000000] tsc: Detected 2711.994 MHz processor
[    0.204125] Calibrating delay loop (skipped) preset value.. 5423.98 BogoMIPS (lpj=10847976)
[    0.206481] pid_max: default: 32768 minimum: 301
[    0.207839] ACPI: Core revision 20150930
[    0.211017] ACPI: 2 ACPI AML tables successfully acquired and loaded
[    0.212747] Security Framework initialized
[    0.213814] Yama: becoming mindful.
[    0.214785] AppArmor: AppArmor initialized
[    0.215960] Dentry cache hash table entries: 131072 (order: 8, 1048576 bytes)
[    0.220975] Inode-cache hash table entries: 65536 (order: 7, 524288 bytes)
[    0.222941] Mount-cache hash table entries: 2048 (order: 2, 16384 bytes)
[    0.224644] Mountpoint-cache hash table entries: 2048 (order: 2, 16384 bytes)
[    0.226411] Initializing cgroup subsys io
[    0.227465] Initializing cgroup subsys memory
[    0.228665] Initializing cgroup subsys devices
[    0.229814] Initializing cgroup subsys freezer
[    0.231648] Initializing cgroup subsys net_cls
[    0.233106] Initializing cgroup subsys perf_event
[    0.234309] Initializing cgroup subsys net_prio
[    0.235504] Initializing cgroup subsys hugetlb
[    0.237456] Initializing cgroup subsys pids
[    0.240357] mce: CPU supports 0 MCE banks
[    0.241484] Last level iTLB entries: 4KB 64, 2MB 8, 4MB 8
[    0.242776] Last level dTLB entries: 4KB 64, 2MB 0, 4MB 0, 1GB 4
[    0.244214] Spectre V2 : Mitigation: Full generic retpoline
[    0.245530] Spectre V2 : Spectre v2 / SpectreRSB mitigation: Filling RSB on context switch
[    0.247622] Speculative Store Bypass: Vulnerable
[    0.248933] MDS: Vulnerable: Clear CPU buffers attempted, no microcode
[    0.254290] Freeing SMP alternatives memory: 36K
[    0.262773] ftrace: allocating 32312 entries in 127 pages
[    0.341373] smpboot: APIC(0) Converting physical 0 to logical package 0
[    0.343131] smpboot: Max logical packages: 1
[    0.344731] x2apic enabled
[    0.345956] Switched APIC routing to physical x2apic.
[    0.348953] ..TIMER: vector=0x30 apic1=0 pin1=2 apic2=-1 pin2=-1
[    0.455792] smpboot: CPU0: Intel(R) Core(TM) i5-7200U CPU @ 2.50GHz (family: 0x6, model: 0x8e, stepping: 0x9)
[    0.460020] Performance Events: unsupported p6 CPU model 142 no PMU driver, software events only.
[    0.477827] KVM setup paravirtual spinlock
[    0.480385] x86: Booting SMP configuration:
[    0.482101] .... node  #0, CPUs:      #1
[    0.483721] kvm-clock: cpu 1, msr 0:3ffe3041, secondary cpu clock
[    0.486902] mce: CPU supports 0 MCE banks
[    0.490953] x86: Booted up 1 node, 2 CPUs
[    0.492434] smpboot: Total of 2 processors activated (10847.97 BogoMIPS)
[    0.495545] devtmpfs: initialized
[    0.498816] evm: security.selinux
[    0.500221] evm: security.SMACK64
[    0.501613] evm: security.SMACK64EXEC
[    0.503014] evm: security.SMACK64TRANSMUTE
[    0.504953] evm: security.SMACK64MMAP
[    0.506525] evm: security.ima
[    0.507755] evm: security.capability
[    0.509445] clocksource: jiffies: mask: 0xffffffff max_cycles: 0xffffffff, max_idle_ns: 7645041785100000 ns
[    0.512727] futex hash table entries: 512 (order: 3, 32768 bytes)
[    0.514719] pinctrl core: initialized pinctrl subsystem
[    0.516665] RTC time:  9:28:18, date: 07/31/19
[    0.518498] NET: Registered protocol family 16
[    0.532809] cpuidle: using governor ladder
[    0.544515] cpuidle: using governor menu
[    0.546231] PCCT header not found.
[    0.547664] ACPI: bus type PCI registered
[    0.549169] acpiphp: ACPI Hot Plug PCI Controller Driver version: 0.5
[    0.550994] PCI: Using configuration type 1 for base access
[    0.565579] ACPI: Added _OSI(Module Device)
[    0.567169] ACPI: Added _OSI(Processor Device)
[    0.568774] ACPI: Added _OSI(3.0 _SCP Extensions)
[    0.570577] ACPI: Added _OSI(Processor Aggregator Device)
[    0.573837] ACPI: Executed 1 blocks of module-level executable AML code
[    0.578340] ACPI: Interpreter enabled
[    0.579346] ACPI: (supports S0 S5)
[    0.580308] ACPI: Using IOAPIC for interrupt routing
[    0.582034] PCI: Using host bridge windows from ACPI; if necessary, use "pci=nocrs" and report a bug
[    0.589929] ACPI: PCI Root Bridge [PCI0] (domain 0000 [bus 00-ff])
[    0.591489] acpi PNP0A03:00: _OSC: OS supports [ASPM ClockPM Segments MSI]
[    0.593736] acpi PNP0A03:00: _OSC: not requesting OS control; OS requires [ExtendedConfig ASPM ClockPM MSI]
[    0.596367] acpi PNP0A03:00: fail to add MMCONFIG information, can't access extended PCI configuration space under this bridge.
[    0.599776] PCI host bridge to bus 0000:00
[    0.601031] pci_bus 0000:00: root bus resource [io  0x0000-0x0cf7 window]
[    0.602549] pci_bus 0000:00: root bus resource [io  0x0d00-0xffff window]
[    0.604222] pci_bus 0000:00: root bus resource [mem 0x000a0000-0x000bffff window]
[    0.606467] pci_bus 0000:00: root bus resource [mem 0x40000000-0xfdffffff window]
[    0.608637] pci_bus 0000:00: root bus resource [bus 00-ff]
[    0.612153] pci 0000:00:01.1: legacy IDE quirk: reg 0x10: [io  0x01f0-0x01f7]
[    0.613865] pci 0000:00:01.1: legacy IDE quirk: reg 0x14: [io  0x03f6]
[    0.616138] pci 0000:00:01.1: legacy IDE quirk: reg 0x18: [io  0x0170-0x0177]
[    0.617773] pci 0000:00:01.1: legacy IDE quirk: reg 0x1c: [io  0x0376]
[    0.643149] pci 0000:00:07.0: quirk: [io  0x4000-0x403f] claimed by PIIX4 ACPI
[    0.660752] pci 0000:00:07.0: quirk: [io  0x4100-0x410f] claimed by PIIX4 SMB
[    0.673008] ACPI: PCI Interrupt Link [LNKA] (IRQs 5 9 10 *11)
[    0.676032] ACPI: PCI Interrupt Link [LNKB] (IRQs 5 9 *10 11)
[    0.678572] ACPI: PCI Interrupt Link [LNKC] (IRQs 5 *9 10 11)
[    0.680833] ACPI: PCI Interrupt Link [LNKD] (IRQs 5 9 10 *11)
[    0.683099] ACPI: Enabled 2 GPEs in block 00 to 07
[    0.685266] vgaarb: setting as boot device: PCI:0000:00:02.0
[    0.686724] vgaarb: device added: PCI:0000:00:02.0,decodes=io+mem,owns=io+mem,locks=none
[    0.689187] vgaarb: loaded
[    0.690118] vgaarb: bridge control possible 0000:00:02.0
[    0.691890] SCSI subsystem initialized
[    0.693241] ACPI: bus type USB registered
[    0.694371] usbcore: registered new interface driver usbfs
[    0.695865] usbcore: registered new interface driver hub
[    0.697289] usbcore: registered new device driver usb
[    0.699889] PCI: Using ACPI for IRQ routing
[    0.702476] NetLabel: Initializing
[    0.703663] NetLabel:  domain hash size = 128
[    0.704969] NetLabel:  protocols = UNLABELED CIPSOv4
[    0.709287] NetLabel:  unlabeled traffic allowed by default
[    0.711027] amd_nb: Cannot enumerate AMD northbridges
[    0.712582] clocksource: Switched to clocksource kvm-clock
[    0.727013] AppArmor: AppArmor Filesystem Enabled
[    0.728475] pnp: PnP ACPI init
[    0.730443] pnp: PnP ACPI: found 3 devices
[    0.742076] clocksource: acpi_pm: mask: 0xffffff max_cycles: 0xffffff, max_idle_ns: 2085701024 ns
[    0.744589] NET: Registered protocol family 2
[    0.746038] TCP established hash table entries: 8192 (order: 4, 65536 bytes)
[    0.747932] TCP bind hash table entries: 8192 (order: 5, 131072 bytes)
[    0.749627] TCP: Hash tables configured (established 8192 bind 8192)
[    0.751292] UDP hash table entries: 512 (order: 2, 16384 bytes)
[    0.753479] UDP-Lite hash table entries: 512 (order: 2, 16384 bytes)
[    0.755770] NET: Registered protocol family 1
[    0.757014] pci 0000:00:00.0: Limiting direct PCI/PCI transfers
[    0.758640] pci 0000:00:01.0: Activating ISA DMA hang workarounds
[    0.760312] Unpacking initramfs...
[    1.046963] Freeing initrd memory: 14824K
[    1.048374] clocksource: tsc: mask: 0xffffffffffffffff max_cycles: 0x27178096781, max_idle_ns: 440795249729 ns
[    1.051279] platform rtc_cmos: registered platform RTC device (no PNP device found)
[    1.053720] Scanning for low memory corruption every 60 seconds
[    1.055701] audit: initializing netlink subsys (disabled)
[    1.057129] audit: type=2000 audit(1564565303.305:1): initialized
[    1.059042] Initialise system trusted keyring
[    1.060550] HugeTLB registered 2 MB page size, pre-allocated 0 pages
[    1.063735] zbud: loaded
[    1.065109] VFS: Disk quotas dquot_6.6.0
[    1.066374] VFS: Dquot-cache hash table entries: 512 (order 0, 4096 bytes)
[    1.068483] squashfs: version 4.0 (2009/01/31) Phillip Lougher
[    1.070533] fuse init (API version 7.23)
[    1.071842] Key type big_key registered
[    1.072926] Allocating IMA MOK and blacklist keyrings.
[    1.075609] Key type asymmetric registered
[    1.076769] Asymmetric key parser 'x509' registered
[    1.078162] Block layer SCSI generic (bsg) driver version 0.4 loaded (major 249)
[    1.080377] io scheduler noop registered
[    1.081569] io scheduler deadline registered (default)
[    1.083489] io scheduler cfq registered
[    1.085075] pci_hotplug: PCI Hot Plug PCI Core version: 0.5
[    1.087316] pciehp: PCI Express Hot Plug Controller Driver version: 0.4
[    1.089518] ACPI: AC Adapter [AC] (on-line)
[    1.090797] input: Power Button as /devices/LNXSYSTM:00/LNXPWRBN:00/input/input0
[    1.092913] ACPI: Power Button [PWRF]
[    1.094123] input: Sleep Button as /devices/LNXSYSTM:00/LNXSLPBN:00/input/input1
[    1.096310] ACPI: Sleep Button [SLPF]
[    1.098750] ACPI: Battery Slot [BAT0] (battery present)
[    1.100242] GHES: HEST is not enabled!
[    1.101771] Serial: 8250/16550 driver, 32 ports, IRQ sharing enabled
[    1.124248] 00:02: ttyS0 at I/O 0x3f8 (irq = 4, base_baud = 115200) is a 16550A
[    1.127725] Linux agpgart interface v0.103
[    1.130697] loop: module loaded
[    1.132450] scsi host0: ata_piix
[    1.133636] scsi host1: ata_piix
[    1.134669] ata1: PATA max UDMA/33 cmd 0x1f0 ctl 0x3f6 bmdma 0xd000 irq 14
[    1.137311] ata2: PATA max UDMA/33 cmd 0x170 ctl 0x376 bmdma 0xd008 irq 15
[    1.139629] libphy: Fixed MDIO Bus: probed
[    1.140851] tun: Universal TUN/TAP device driver, 1.6
[    1.142289] tun: (C) 1999-2004 Max Krasnyansky <maxk@qualcomm.com>
[    1.143909] PPP generic driver version 2.4.2
[    1.145404] ehci_hcd: USB 2.0 'Enhanced' Host Controller (EHCI) Driver
[    1.147035] ehci-pci: EHCI PCI platform driver
[    1.148245] ehci-platform: EHCI generic platform driver
[    1.149534] ohci_hcd: USB 1.1 'Open' Host Controller (OHCI) Driver
[    1.151376] ohci-pci: OHCI PCI platform driver
[    1.152688] ohci-platform: OHCI generic platform driver
[    1.154137] uhci_hcd: USB Universal Host Controller Interface driver
[    1.155849] i8042: PNP: PS/2 Controller [PNP0303:PS2K,PNP0f03:PS2M] at 0x60,0x64 irq 1,12
[    1.158649] serio: i8042 KBD port at 0x60,0x64 irq 1
[    1.159941] serio: i8042 AUX port at 0x60,0x64 irq 12
[    1.161354] mousedev: PS/2 mouse device common for all mice
[    1.163305] rtc_cmos rtc_cmos: rtc core: registered rtc_cmos as rtc0
[    1.164936] input: AT Translated Set 2 keyboard as /devices/platform/i8042/serio0/input/input2
[    1.167539] rtc_cmos rtc_cmos: alarms up to one day, 114 bytes nvram
[    1.169260] i2c /dev entries driver
[    1.170988] device-mapper: uevent: version 1.0.3
[    1.172966] device-mapper: ioctl: 4.34.0-ioctl (2015-10-28) initialised: dm-devel@redhat.com
[    1.175291] ledtrig-cpu: registered to indicate activity on CPUs
[    1.177421] NET: Registered protocol family 10
[    1.178960] NET: Registered protocol family 17
[    1.180215] Key type dns_resolver registered
[    1.181787] registered taskstats version 1
[    1.183001] Loading compiled-in X.509 certificates
[    1.185279] Loaded X.509 cert 'Build time autogenerated kernel key: 3e01e6df98386236d59670e6b2ed19a044d5324e'
[    1.188099] zswap: loaded using pool lzo/zbud
[    1.191835] Key type trusted registered
[    1.197867] Key type encrypted registered
[    1.199067] AppArmor: AppArmor sha1 policy hashing enabled
[    1.200533] ima: No TPM chip found, activating TPM-bypass!
[    1.202154] ima: Allocated hash algorithm: sha1
[    1.203415] evm: HMAC attrs: 0x1
[    1.205109]   Magic number: 11:216:476
[    1.206376] rtc_cmos rtc_cmos: setting system clock to 2019-07-31 09:28:18 UTC (1564565298)
[    1.208765] BIOS EDD facility v0.16 2004-Jun-25, 0 devices found
[    1.211035] EDD information not available.
[    1.294249] Freeing unused kernel memory: 1484K
[    1.295960] Write protecting the kernel read-only data: 14336k
[    1.298744] Freeing unused kernel memory: 1612K
[    1.300660] Freeing unused kernel memory: 64K
Loading, please wait...
starting version 229
[    1.322356] random: systemd-udevd: uninitialized urandom read (16 bytes read, 3 bits of entropy available)
[    1.323372] random: udevadm: uninitialized urandom read (16 bytes read, 3 bits of entropy available)
[    1.323408] random: udevadm: uninitialized urandom read (16 bytes read, 3 bits of entropy available)
[    1.329665] random: systemd-udevd: uninitialized urandom read (16 bytes read, 3 bits of entropy available)
[    1.332165] random: systemd-udevd: uninitialized urandom read (16 bytes read, 3 bits of entropy available)
[    1.335370] random: udevadm: uninitialized urandom read (16 bytes read, 3 bits of entropy available)
[    1.335412] random: udevadm: uninitialized urandom read (16 bytes read, 3 bits of entropy available)
[    1.335658] random: udevadm: uninitialized urandom read (16 bytes read, 3 bits of entropy available)
[    1.335715] random: udevadm: uninitialized urandom read (16 bytes read, 3 bits of entropy available)
[    1.335766] random: udevadm: uninitialized urandom read (16 bytes read, 3 bits of entropy available)
[    1.391982] e1000: Intel(R) PRO/1000 Network Driver - version 7.3.21-k8-NAPI
[    1.393958] e1000: Copyright (c) 1999-2006 Intel Corporation.
[    1.395707] Fusion MPT base driver 3.04.20
[    1.397436] Copyright (c) 1999-2008 LSI Corporation
[    1.408100] Fusion MPT SPI Host driver 3.04.20
[    1.420507] AVX2 version of gcm_enc/dec engaged.
[    1.422348] AES CTR mode by8 optimization enabled
[    1.613527] input: ImExPS/2 Generic Explorer Mouse as /devices/platform/i8042/serio1/input/input4
[    1.820876] e1000 0000:00:03.0 eth0: (PCI:33MHz:32-bit) 02:c2:66:bb:16:6d
[    1.823170] e1000 0000:00:03.0 eth0: Intel(R) PRO/1000 Network Connection
[    1.826432] e1000 0000:00:03.0 enp0s3: renamed from eth0
[    1.828442] mptbase: ioc0: Initiating bringup
[    1.911379] ioc0: LSI53C1030 A0: Capabilities={Initiator}
[    2.484827] scsi host2: ioc0: LSI53C1030 A0, FwRev=00000000h, Ports=1, MaxQ=256, IRQ=20
[    3.444627] scsi 2:0:0:0: Direct-Access     VBOX     HARDDISK         1.0  PQ: 0 ANSI: 5
[    3.447495] scsi target2:0:0: Beginning Domain Validation
[    3.451533] scsi target2:0:0: Domain Validation skipping write tests
[    3.454446] scsi target2:0:0: Ending Domain Validation
[    3.456153] scsi target2:0:0: asynchronous
[    3.457789] scsi 2:0:1:0: Direct-Access     VBOX     HARDDISK         1.0  PQ: 0 ANSI: 5
[    3.459838] scsi target2:0:1: Beginning Domain Validation
[    3.462150] scsi target2:0:1: Domain Validation skipping write tests
[    3.463616] scsi target2:0:1: Ending Domain Validation
[    3.465001] scsi target2:0:1: asynchronous
[    3.473460] sd 2:0:0:0: [sda] 20971520 512-byte logical blocks: (10.7 GB/10.0 GiB)
[    3.490624] sd 2:0:0:0: Attached scsi generic sg0 type 0
[    3.492704] sd 2:0:0:0: [sda] Write Protect is off
[    3.494958] sd 2:0:1:0: Attached scsi generic sg1 type 0
[    3.496670] sd 2:0:1:0: [sdb] 20480 512-byte logical blocks: (10.5 MB/10.0 MiB)
[    3.496916] sd 2:0:0:0: [sda] Incomplete mode parameter data
[    3.496918] sd 2:0:0:0: [sda] Assuming drive cache: write through
[    3.503812] sd 2:0:1:0: [sdb] Write Protect is off
[    3.505890]  sda: sda1
[    3.505939] sd 2:0:1:0: [sdb] Incomplete mode parameter data
[    3.505941] sd 2:0:1:0: [sdb] Assuming drive cache: write through
[    3.511348] sd 2:0:0:0: [sda] Attached SCSI disk
[    3.514958] sd 2:0:1:0: [sdb] Attached SCSI disk
Begin: Loading essential drivers ... [    5.084298] md: linear personality registered for level -1
[    5.087990] md: multipath personality registered for level -4
[    5.091722] md: raid0 personality registered for level 0
[    5.097811] md: raid1 personality registered for level 1
[    5.168911] raid6: sse2x1   gen()  9447 MB/s
[    5.236701] raid6: sse2x1   xor()  7377 MB/s
[    5.304616] raid6: sse2x2   gen()  8800 MB/s
[    5.372899] raid6: sse2x2   xor()  7347 MB/s
[    5.440662] raid6: sse2x4   gen() 13466 MB/s
[    5.509009] raid6: sse2x4   xor()  9540 MB/s
[    5.576890] raid6: avx2x1   gen() 19092 MB/s
[    5.644761] raid6: avx2x2   gen() 22797 MB/s
[    5.712663] raid6: avx2x4   gen() 21708 MB/s
[    5.713894] raid6: using algorithm avx2x2 gen() 22797 MB/s
[    5.715388] raid6: using avx2x2 recovery algorithm
[    5.718674] xor: automatically using best checksumming function:
[    5.757030]    avx       : 21575.000 MB/sec
[    5.759605] async_tx: api initialized (async)
[    5.773053] md: raid6 personality registered for level 6
[    5.774608] md: raid5 personality registered for level 5
[    5.777175] md: raid4 personality registered for level 4
[    5.786897] md: raid10 personality registered for level 10
done.
Begin: Running /scripts/init-premount ... done.
Begin: Mounting root file system ... Begin: Running /scripts/local-top ... done.
Begin: Running /scripts/local-premount ... [    5.821766] Btrfs loaded
Scanning for Btrfs filesystems
done.
Warning: fsck not present, so skipping root file system
[    5.875890] EXT4-fs (sda1): mounted filesystem with ordered data mode. Opts: (null)
done.
Begin: Running /scripts/local-bottom ... done.
Begin: Running /scripts/init-bottom ... done.
[    6.011076] systemd[1]: systemd 229 running in system mode. (+PAM +AUDIT +SELINUX +IMA +APPARMOR +SMACK +SYSVINIT +UTMP +LIBCRYPTSETUP +GCRYPT +GNUTLS +ACL +XZ -LZ4 +SECCOMP +BLKID +ELFUTILS +KMOD -IDN)
[    6.016787] systemd[1]: Detected virtualization oracle.
[    6.018439] systemd[1]: Detected architecture x86-64.

Welcome to [1mUbuntu 16.04.6 LTS[0m!

[    6.024443] systemd[1]: Set hostname to <ubuntu-xenial>.
[    6.198614] systemd[1]: Listening on LVM2 metadata daemon socket.
[[0;32m  OK  [0m] Listening on LVM2 metadata daemon socket.
[    6.202324] systemd[1]: Listening on /dev/initctl Compatibility Named Pipe.
[[0;32m  OK  [0m] Listening on /dev/initctl Compatibility Named Pipe.
[    6.205281] systemd[1]: Started Forward Password Requests to Wall Directory Watch.
[[0;32m  OK  [0m] Started Forward Password Requests to Wall Directory Watch.
[    6.208635] systemd[1]: Reached target User and Group Name Lookups.
[[0;32m  OK  [0m] Reached target User and Group Name Lookups.
[    6.211521] systemd[1]: Reached target Swap.
[[0;32m  OK  [0m] Reached target Swap.
[    6.213834] systemd[1]: Listening on LVM2 poll daemon socket.
[[0;32m  OK  [0m] Listening on LVM2 poll daemon socket.
[    6.216621] systemd[1]: Listening on udev Control Socket.
[[0;32m  OK  [0m] Listening on udev Control Socket.
[    6.219423] systemd[1]: Created slice User and Session Slice.
[[0;32m  OK  [0m] Created slice User and Session Slice.
[    6.222006] systemd[1]: Listening on Journal Socket (/dev/log).
[[0;32m  OK  [0m] Listening on Journal Socket (/dev/log).
[    6.224672] systemd[1]: Set up automount Arbitrary Executable File Formats File System Automount Point.
[[0;32m  OK  [0m] Set up automount Arbitrary Executab...ats File System Automount Point.
[    6.228920] systemd[1]: Listening on Journal Audit Socket.
[[0;32m  OK  [0m] Listening on Journal Audit Socket.
[    6.231341] systemd[1]: Reached target Encrypted Volumes.
[[0;32m  OK  [0m] Reached target Encrypted Volumes.
[    6.240925] systemd[1]: Reached target System Time Synchronized.
[[0;32m  OK  [0m] Reached target System Time Synchronized.
[    6.249711] systemd[1]: Listening on Syslog Socket.
[[0;32m  OK  [0m] Listening on Syslog Socket.
[    6.254145] systemd[1]: Started Trigger resolvconf update for networkd DNS.
[[0;32m  OK  [0m] Started Trigger resolvconf update for networkd DNS.
[    6.261277] systemd[1]: Listening on udev Kernel Socket.
[[0;32m  OK  [0m] Listening on udev Kernel Socket.
[    6.264453] systemd[1]: Listening on Journal Socket.
[[0;32m  OK  [0m] Listening on Journal Socket.
[    6.267810] systemd[1]: Listening on Device-mapper event daemon FIFOs.
[[0;32m  OK  [0m] Listening on Device-mapper event daemon FIFOs.
[    6.271894] systemd[1]: Created slice System Slice.
[[0;32m  OK  [0m] Created slice System Slice.
[    6.293362] systemd[1]: Starting Monitoring of LVM2 mirrors, snapshots etc. using dmeventd or progress polling...
         Starting Monitoring of LVM2 mirrors... dmeventd or progress polling...
[    6.301193] systemd[1]: Starting Remount Root and Kernel File Systems...
         Starting Remount Root and Kernel File Systems...
[    6.306697] systemd[1]: Starting Uncomplicated firewall...
         Starting Uncomplicated firewall...
[    6.311296] systemd[1]: Starting Create list of required static device nodes for the current kernel...
         Starting Create list of required st... nodes for the current kernel...
[    6.322761] systemd[1]: Reached target Slices.
[[0;32m  OK  [0m] Reached target Slices.
[    6.326338] EXT4-fs (sda1): re-mounted. Opts: (null)
[    6.331227] systemd[1]: Starting Load Kernel Modules...
         Starting Load Kernel Modules...
[    6.335066] systemd[1]: Mounting Debug File System...
         Mounting Debug File System...
[    6.343660] systemd[1]: Starting Set console keymap...
         Starting Set console keymap...
[    6.347298] Loading iSCSI transport class v2.0-870.
[    6.347718] systemd[1]: Mounting POSIX Message Queue File System...
         Mounting POSIX Message Queue File System...
[    6.353372] systemd[1]: Created slice system-serial\x2dgetty.slice.
[[0;32m  OK  [0m] Created slice system-serial\x2dgetty.slice.
[    6.359902] systemd[1]: Mounting Huge Pages File System...
         Mounting Huge Pages File System...
[    6.366508] systemd[1]: Starting Journal Service...
         Starting Journal Service...
[    6.371400] systemd[1]: Starting Nameserver information manager...
         Starting Nameserver information manager...
[    6.382108] systemd[1]: Mounted Huge Pages File System.
[[0;32m  OK  [0m] Mounted Huge Pages File System.
[    6.385881] systemd[1]: Mounted Debug File System.
[[0;32m  OK  [0m] Mounted Debug File System.
[    6.389041] systemd[1]: Mounted POSIX Message Queue File System.
[[0;32m  OK  [0m] Mounted POSIX Message Queue File System.
[    6.394232] systemd[1]: Started Remount Root and Kernel File Systems.
[[0;32m  OK  [0m] Started Remount Root and Kernel File Systems.
[    6.407600] iscsi: registered transport (tcp)
[    6.409483] systemd[1]: Started Uncomplicated firewall.
[[0;32m  OK  [0m] Started Uncomplicated firewall.
[    6.417116] systemd[1]: Started Create list of required static device nodes for the current kernel.
[[0;32m  OK  [0m] Started Create list of required sta...ce nodes for the current kernel.
[    6.446870] systemd[1]: Started Journal Service.
[[0;32m  OK  [0m] Started Journal Service.
[[0;32m  OK  [0m] Started Nameserver information manager.
[    6.509043] iscsi: registered transport (iser)
[[0;32m  OK  [0m] Started Load Kernel Modules.
         Mounting FUSE Control File System...
         Starting Apply Kernel Variables...
[[0;32m  OK  [0m] Started LVM2 metadata daemon.
         Starting Create Static Device Nodes in /dev...
         Starting Load/Save Random Seed...
         Starting udev Coldplug all Devices...
         Starting Flush Journal to Persistent Storage...
[[0;32m  OK  [0m] Mounted FUSE Control File System.
[[0;32m  OK  [0m] Started Set console keymap.
[[0;32m  OK  [0m] Started Apply Kernel Variables.
[[0;32m  OK  [0m] Started Load/Save Random Seed.
[[0;32m  OK  [0m] Started Create Static Device Nodes in /dev.
[[0;32m  OK  [0m] Started Flush Journal to Persistent Storage.
[[0;32m  OK  [0m] Started udev Coldplug all Devices.
         Starting udev Kernel Device Manager...
[[0;32m  OK  [0m] Started udev Kernel Device Manager.
[[0;32m  OK  [0m] Started Dispatch Password Requests to Console Directory Watch.
[[0;32m  OK  [0m] Found device /dev/ttyS0.
[[0;32m  OK  [0m] Listening on Load/Save RF Kill Switch Status /dev/rfkill Watch.
[[0;32m  OK  [0m] Started Monitoring of LVM2 mirrors,...ng dmeventd or progress polling.
[[0;32m  OK  [0m] Reached target Local File Systems (Pre).
[[0;32m  OK  [0m] Reached target Local File Systems.
         Starting Set console font and keymap...
         Starting LSB: AppArmor initialization...
         Starting Tell Plymouth To Write Out Runtime Data...
         Starting Initial cloud-init job (pre-networking)...
         Starting Create Volatile Files and Directories...
[[0;32m  OK  [0m] Started Tell Plymouth To Write Out Runtime Data.
[[0;32m  OK  [0m] Started Create Volatile Files and Directories.
         Starting Update UTMP about System Boot/Shutdown...
[[0;32m  OK  [0m] Started Update UTMP about System Boot/Shutdown.
[[0;32m  OK  [0m] Started LSB: AppArmor initialization.
[[0;32m  OK  [0m] Found device 82540EM Gigabit Ethern...r (PRO/1000 MT Desktop Adapter).
[    8.046823] cloud-init[537]: Cloud-init v. 19.1-1-gbaa47854-0ubuntu1~16.04.1 running 'init-local' at Wed, 31 Jul 2019 09:28:25 +0000. Up 7.62 seconds.
[[0;32m  OK  [0m] Started Initial cloud-init job (pre-networking).
[[0;32m  OK  [0m] Reached target Network (Pre).
         Starting Raise network interfaces...
[[0;32m  OK  [0m] Started ifup for enp0s3.
[[0;32m  OK  [0m] Started Set console font and keymap.
[[0;32m  OK  [0m] Created slice system-getty.slice.
[[0;1;31mFAILED[0m] Failed to start Raise network interfaces.
See 'systemctl status networking.service' for details.
         Starting Initial cloud-init job (metadata service crawler)...
[[0;32m  OK  [0m] Reached target Network.
[    9.389919] cloud-init[1016]: Cloud-init v. 19.1-1-gbaa47854-0ubuntu1~16.04.1 running 'init' at Wed, 31 Jul 2019 09:28:26 +0000. Up 8.96 seconds.
[    9.393442] cloud-init[1016]: ci-info: ++++++++++++++++++++++++++++++++++++++Net device info++++++++++++++++++++++++++++++++++++++
[    9.396469] cloud-init[1016]: ci-info: +--------+------+----------------------------+---------------+--------+-------------------+
[    9.398949] cloud-init[1016]: ci-info: | Device |  Up  |          Address           |      Mask     | Scope  |     Hw-Address    |
[    9.402154] cloud-init[1016]: ci-info: +--------+------+----------------------------+---------------+--------+-------------------+
[    9.405039] cloud-init[1016]: ci-info: | enp0s3 | True |         10.0.2.15          | 255.255.255.0 | global | 02:c2:66:bb:16:6d |
[    9.408008] cloud-init[1016]: ci-info: | enp0s3 | True | fe80::c2:66ff:febb:166d/64 |       .       |  link  | 02:c2:66:bb:16:6d |
[    9.411336] cloud-init[1016]: ci-info: |   lo   | True |         127.0.0.1          |   255.0.0.0   |  host  |         .         |
[    9.416326] cloud-init[1016]: ci-info: |   lo   | True |          ::1/128           |       .       |  host  |         .         |
[    9.419449] cloud-init[1016]: ci-info: +--------+------+----------------------------+---------------+--------+-------------------+
[    9.428876] cloud-init[1016]: ci-info: +++++++++++++++++++++++++++Route IPv4 info++++++++++++++++++++++++++++
[    9.431239] cloud-init[1016]: ci-info: +-------+-------------+----------+---------------+-----------+-------+
[    9.433761] cloud-init[1016]: ci-info: | Route | Destination | Gateway  |    Genmask    | Interface | Flags |
[    9.436554] cloud-init[1016]: ci-info: +-------+-------------+----------+---------------+-----------+-------+
[    9.439112] cloud-init[1016]: ci-info: |   0   |   0.0.0.0   | 10.0.2.2 |    0.0.0.0    |   enp0s3  |   UG  |
[    9.441582] cloud-init[1016]: ci-info: |   1   |   10.0.2.0  | 0.0.0.0  | 255.255.255.0 |   enp0s3  |   U   |
[    9.443670] cloud-init[1016]: ci-info: +-------+-------------+----------+---------------+-----------+-------+
[    9.445784] cloud-init[1016]: ci-info: +++++++++++++++++++Route IPv6 info+++++++++++++++++++
[    9.447793] cloud-init[1016]: ci-info: +-------+-------------+---------+-----------+-------+
[    9.450456] cloud-init[1016]: ci-info: | Route | Destination | Gateway | Interface | Flags |
[    9.452578] cloud-init[1016]: ci-info: +-------+-------------+---------+-----------+-------+
[    9.460983] cloud-init[1016]: ci-info: |   0   |  fe80::/64  |    ::   |   enp0s3  |   U   |
[    9.463176] cloud-init[1016]: ci-info: |   3   |   ff00::/8  |    ::   |   enp0s3  |   U   |
[    9.464895] cloud-init[1016]: ci-info: +-------+-------------+---------+-----------+-------+
[[0;32m  OK  [0m] Started Initial cloud-init job (metadata service crawler).
[[0;32m  OK  [0m] Reached target Cloud-config availability.
[[0;32m  OK  [0m] Reached target System Initialization.
         Starting LXD - unix socket.
[[0;32m  OK  [0m] Listening on D-Bus System Message Bus Socket.
[[0;32m  OK  [0m] Listening on UUID daemon activation socket.
         Starting Socket activation for snappy daemon.
[[0;32m  OK  [0m] Started Daily apt download activities.
[[0;32m  OK  [0m] Started Daily apt upgrade and clean activities.
[[0;32m  OK  [0m] Started Daily Cleanup of Temporary Directories.
[[0;32m  OK  [0m] Reached target Timers.
[[0;32m  OK  [0m] Listening on ACPID Listen Socket.
[[0;32m  OK  [0m] Started ACPI Events Check.
[[0;32m  OK  [0m] Reached target Paths.
[[0;32m  OK  [0m] Reached target Network is Online.
         Starting iSCSI initiator daemon (iscsid)...
[[0;32m  OK  [0m] Listening on LXD - unix socket.
[[0;32m  OK  [0m] Listening on Socket activation for snappy daemon.
[[0;32m  OK  [0m] Reached target Sockets.
[[0;32m  OK  [0m] Reached target Basic System.
[[0;32m  OK  [0m] Started Regular background program processing daemon.
         Starting LSB: MD monitoring daemon...
         Starting Snappy daemon...
[[0;32m  OK  [0m] Started D-Bus System Message Bus.
         Starting System Logging Service...
         Starting Virtualbox guest utils...
[[0;32m  OK  [0m] Started FUSE filesystem for LXC.
[[0;32m  OK  [0m] Started ACPI event daemon.
         Starting LXD - container startup/shutdown...
         Starting Accounts Service...
[[0;32m  OK  [0m] Started Deferred execution scheduler.
         Starting LSB: Record successful boot for GRUB...
         Starting /etc/rc.local Compatibility...
         Starting Login Service...
         Starting OpenBSD Secure Shell server...
[[0;32m  OK  [0m] Started /etc/rc.local Compatibility.
[[0;32m  OK  [0m] Started System Logging Service.
[[0;32m  OK  [0m] Started iSCSI initiator daemon (iscsid).
[[0;32m  OK  [0m] Started LSB: MD monitoring daemon.
[[0;32m  OK  [0m] Started OpenBSD Secure Shell server.
         Starting Authenticate and Authorize Users to Run Privileged Tasks...
         Starting Login to default iSCSI targets...
[[0;32m  OK  [0m] Started Login Service.
[[0;32m  OK  [0m] Started LSB: Record successful boot for GRUB.
[[0;32m  OK  [0m] Started Authenticate and Authorize Users to Run Privileged Tasks.
[[0;32m  OK  [0m] Started Accounts Service.
[[0;32m  OK  [0m] Started Virtualbox guest utils.
[[0;32m  OK  [0m] Started LXD - container startup/shutdown.
[[0;32m  OK  [0m] Started Login to default iSCSI targets.
[[0;32m  OK  [0m] Reached target Remote File Systems (Pre).
[[0;32m  OK  [0m] Reached target Remote File Systems.
         Starting LSB: daemon to balance interrupts for SMP systems...
         Starting LSB: Set the CPU Frequency Scaling governor to "ondemand"...
         Starting Permit User Sessions...
         Starting LSB: automatic crash report generation...
[[0;32m  OK  [0m] Started Unattended Upgrades Shutdown.
[[0;32m  OK  [0m] Started Permit User Sessions.
[[0;32m  OK  [0m] Started Snappy daemon.
         Starting Wait until snapd is fully seeded...
         Starting Terminate Plymouth Boot Screen...
         Starting Hold until boot process finishes up...
[[0;32m  OK  [0m] Started LSB: daemon to balance interrupts for SMP systems.
[[0;32m  OK  [0m] Started LSB: Set the CPU Frequency Scaling governor to "ondemand".
[[0;32m  OK  [0m] Started LSB: automatic crash report generation.
[[0;32m  OK  [0m] Started Terminate Plymouth Boot Screen.
[[0;32m  OK  [0m] Started Hold until boot process finishes up.
[[0;32m  OK  [0m] Started Wait until snapd is fully seeded.
         Starting Apply the settings specified in cloud-config...
         Starting Set console scheme...
[[0;32m  OK  [0m] Started Serial Getty on ttyS0.
[[0;32m  OK  [0m] Started Getty on tty1.
[[0;32m  OK  [0m] Reached target Login Prompts.
[[0;32m  OK  [0m] Reached target Multi-User System.
[[0;32m  OK  [0m] Reached target Graphical Interface.
         Starting Update UTMP about System Runlevel Changes...
[[0;32m  OK  [0m] Started Set console scheme.
[[0;32m  OK  [0m] Started Update UTMP about System Runlevel Changes.
[   10.837346] cloud-init[1273]: Cloud-init v. 19.1-1-gbaa47854-0ubuntu1~16.04.1 running 'modules:config' at Wed, 31 Jul 2019 09:28:28 +0000. Up 10.68 seconds.
[[0;32m  OK  [0m] Started Apply the settings specified in cloud-config.
         Starting Execute cloud user/final scripts...
[   11.570559] cloud-init[1292]: Cloud-init v. 19.1-1-gbaa47854-0ubuntu1~16.04.1 running 'modules:final' at Wed, 31 Jul 2019 09:28:29 +0000. Up 11.35 seconds.
[   11.573574] cloud-init[1292]: Cloud-init v. 19.1-1-gbaa47854-0ubuntu1~16.04.1 finished at Wed, 31 Jul 2019 09:28:29 +0000. Datasource DataSourceNoCloud [seed=/dev/sdb][dsmode=net].  Up 11.55 seconds
[[0;32m  OK  [0m] Started Execute cloud user/final scripts.
[[0;32m  OK  [0m] Reached target Cloud-init target.

Ubuntu 16.04.6 LTS ubuntu-xenial ttyS0

ubuntu-xenial login: 